../Core/Src/main.c:89:6:HAL_GPIO_EXTI_Callback	16	static
../Core/Src/main.c:128:6:HAL_ADC_ConvCpltCallback	24	static
../Core/Src/main.c:153:6:HAL_TIM_PeriodElapsedCallback	16	static
../Core/Src/main.c:168:14:voltage_average	32	static
../Core/Src/main.c:184:13:default_display_setup	16	static
../Core/Src/main.c:204:13:ac_voltage_measure	16	static
../Core/Src/main.c:226:13:dc_voltage_1_measure	24	static
../Core/Src/main.c:260:13:dc_voltage_2_measure	24	static
../Core/Src/main.c:294:13:dc_voltage_3_measure	24	static
../Core/Src/main.c:328:13:resistance_1_measure	24	static
../Core/Src/main.c:360:13:resistance_2_measure	24	static
../Core/Src/main.c:392:13:resistance_3_measure	24	static
../Core/Src/main.c:424:13:capacity_1_measure	64	static
../Core/Src/main.c:456:13:capacity_2_measure	64	static
../Core/Src/main.c:488:13:capacity_3_measure	64	static
../Core/Src/main.c:526:5:main	8	static
../Core/Src/main.c:612:6:SystemClock_Config	88	static
../Core/Src/main.c:661:6:Error_Handler	4	static,ignoring_inline_asm
